-----------------
                 
                 
                 
                 
                 
                 
                 
                 
                 
                 
                 
-----------------
01234567890123456
Player 'o' to move:
       o
       v
-----------------
                 
                 
                 
                 
                 
                 
                 
                 
                 
                 
       o         
-----------------
01234567890123456
Player 'x' to move:
             x
             v
-----------------
                 
                 
                 
                 
                 
                 
                 
                 
                 
                 
       o     x   
-----------------
01234567890123456
Player 'o' to move:
o
v
-----------------
                 
                 
                 
                 
                 
                 
                 
                 
                 
                 
o      o     x   
-----------------
01234567890123456
Player 'x' to move:
        x
        v
-----------------
                 
                 
                 
                 
                 
                 
                 
                 
                 
                 
o      ox    x   
-----------------
01234567890123456
Player 'o' to move:
  o
  v
-----------------
                 
                 
                 
                 
                 
                 
                 
                 
                 
                 
o o    ox    x   
-----------------
01234567890123456
Player 'x' to move:
      x
      v
-----------------
                 
                 
                 
                 
                 
                 
                 
                 
                 
                 
o o   xox    x   
-----------------
01234567890123456
Player 'o' to move:
               o
               v
-----------------
                 
                 
                 
                 
                 
                 
                 
                 
                 
                 
o o   xox    x o 
-----------------
01234567890123456
Player 'x' to move:
        x
        v
-----------------
                 
                 
                 
                 
                 
                 
                 
                 
                 
        x        
o o   xox    x o 
-----------------
01234567890123456
Player 'o' to move:
      o
      v
-----------------
                 
                 
                 
                 
                 
                 
                 
                 
                 
      o x        
o o   xox    x o 
-----------------
01234567890123456
Player 'x' to move:
           x
           v
-----------------
                 
                 
                 
                 
                 
                 
                 
                 
                 
      o x        
o o   xox  x x o 
-----------------
01234567890123456
Player 'o' to move:
            o
            v
-----------------
                 
                 
                 
                 
                 
                 
                 
                 
                 
      o x        
o o   xox  xox o 
-----------------
01234567890123456
Player 'x' to move:
             x
             v
-----------------
                 
                 
                 
                 
                 
                 
                 
                 
                 
      o x    x   
o o   xox  xox o 
-----------------
01234567890123456
Player 'o' to move:
           o
           v
-----------------
                 
                 
                 
                 
                 
                 
                 
                 
                 
      o x  o x   
o o   xox  xox o 
-----------------
01234567890123456
Player 'x' to move:
                x
                v
-----------------
                 
                 
                 
                 
                 
                 
                 
                 
                 
      o x  o x   
o o   xox  xox ox
-----------------
01234567890123456
Player 'o' to move:
 o
 v
-----------------
                 
                 
                 
                 
                 
                 
                 
                 
                 
      o x  o x   
ooo   xox  xox ox
-----------------
01234567890123456
Player 'x' to move:
            x
            v
-----------------
                 
                 
                 
                 
                 
                 
                 
                 
                 
      o x  oxx   
ooo   xox  xox ox
-----------------
01234567890123456
Player 'o' to move:
               o
               v
-----------------
                 
                 
                 
                 
                 
                 
                 
                 
                 
      o x  oxx o 
ooo   xox  xox ox
-----------------
01234567890123456
Player 'x' to move:
      x
      v
-----------------
                 
                 
                 
                 
                 
                 
                 
                 
      x          
      o x  oxx o 
ooo   xox  xox ox
-----------------
01234567890123456
Player 'o' to move:
    o
    v
-----------------
                 
                 
                 
                 
                 
                 
                 
                 
      x          
      o x  oxx o 
ooo o xox  xox ox
-----------------
01234567890123456
Player 'x' to move:
       x
       v
-----------------
                 
                 
                 
                 
                 
                 
                 
                 
      x          
      oxx  oxx o 
ooo o xox  xox ox
-----------------
01234567890123456
Player 'o' to move:
   o
   v
-----------------
                 
                 
                 
                 
                 
                 
                 
                 
      x          
      oxx  oxx o 
ooooo xox  xox ox
-----------------
01234567890123456
Player 'o' wins!
