-----------------
                 
                 
                 
                 
                 
                 
                 
                 
                 
                 
                 
-----------------
01234567890123456
Player 'o' to move:
          o
          v
-----------------
                 
                 
                 
                 
                 
                 
                 
                 
                 
                 
          o      
-----------------
01234567890123456
Player 'x' to move:
     x
     v
-----------------
                 
                 
                 
                 
                 
                 
                 
                 
                 
                 
     x    o      
-----------------
01234567890123456
Player 'o' to move:
              o
              v
-----------------
                 
                 
                 
                 
                 
                 
                 
                 
                 
                 
     x    o   o  
-----------------
01234567890123456
Player 'x' to move:
               x
               v
-----------------
                 
                 
                 
                 
                 
                 
                 
                 
                 
                 
     x    o   ox 
-----------------
01234567890123456
Player 'o' to move:
     o
     v
-----------------
                 
                 
                 
                 
                 
                 
                 
                 
                 
     o           
     x    o   ox 
-----------------
01234567890123456
Player 'x' to move:
    x
    v
-----------------
                 
                 
                 
                 
                 
                 
                 
                 
                 
     o           
    xx    o   ox 
-----------------
01234567890123456
Player 'o' to move:
           o
           v
-----------------
                 
                 
                 
                 
                 
                 
                 
                 
                 
     o           
    xx    oo  ox 
-----------------
01234567890123456
Player 'x' to move:
      x
      v
-----------------
                 
                 
                 
                 
                 
                 
                 
                 
                 
     o           
    xxx   oo  ox 
-----------------
01234567890123456
Player 'o' to move:
           o
           v
-----------------
                 
                 
                 
                 
                 
                 
                 
                 
                 
     o     o     
    xxx   oo  ox 
-----------------
01234567890123456
Player 'x' to move:
          x
          v
-----------------
                 
                 
                 
                 
                 
                 
                 
                 
                 
     o    xo     
    xxx   oo  ox 
-----------------
01234567890123456
Player 'o' to move:
              o
              v
-----------------
                 
                 
                 
                 
                 
                 
                 
                 
                 
     o    xo  o  
    xxx   oo  ox 
-----------------
01234567890123456
Player 'x' to move:
               x
               v
-----------------
                 
                 
                 
                 
                 
                 
                 
                 
                 
     o    xo  ox 
    xxx   oo  ox 
-----------------
01234567890123456
Player 'o' to move:
            o
            v
-----------------
                 
                 
                 
                 
                 
                 
                 
                 
                 
     o    xo  ox 
    xxx   ooo ox 
-----------------
01234567890123456
Player 'x' to move:
     x
     v
-----------------
                 
                 
                 
                 
                 
                 
                 
                 
     x           
     o    xo  ox 
    xxx   ooo ox 
-----------------
01234567890123456
Player 'o' to move:
               o
               v
-----------------
                 
                 
                 
                 
                 
                 
                 
                 
     x         o 
     o    xo  ox 
    xxx   ooo ox 
-----------------
01234567890123456
Player 'x' to move:
      x
      v
-----------------
                 
                 
                 
                 
                 
                 
                 
                 
     x         o 
     ox   xo  ox 
    xxx   ooo ox 
-----------------
01234567890123456
Player 'o' to move:
 o
 v
-----------------
                 
                 
                 
                 
                 
                 
                 
                 
     x         o 
     ox   xo  ox 
 o  xxx   ooo ox 
-----------------
01234567890123456
Player 'x' to move:
            x
            v
-----------------
                 
                 
                 
                 
                 
                 
                 
                 
     x         o 
     ox   xox ox 
 o  xxx   ooo ox 
-----------------
01234567890123456
Player 'o' to move:
        o
        v
-----------------
                 
                 
                 
                 
                 
                 
                 
                 
     x         o 
     ox   xox ox 
 o  xxx o ooo ox 
-----------------
01234567890123456
Player 'x' to move:
           x
           v
-----------------
                 
                 
                 
                 
                 
                 
                 
                 
     x     x   o 
     ox   xox ox 
 o  xxx o ooo ox 
-----------------
01234567890123456
Player 'o' to move:
           o
           v
-----------------
                 
                 
                 
                 
                 
                 
                 
           o     
     x     x   o 
     ox   xox ox 
 o  xxx o ooo ox 
-----------------
01234567890123456
Player 'x' to move:
      x
      v
-----------------
                 
                 
                 
                 
                 
                 
                 
           o     
     xx    x   o 
     ox   xox ox 
 o  xxx o ooo ox 
-----------------
01234567890123456
Player 'o' to move:
 o
 v
-----------------
                 
                 
                 
                 
                 
                 
                 
           o     
     xx    x   o 
 o   ox   xox ox 
 o  xxx o ooo ox 
-----------------
01234567890123456
Player 'x' to move:
              x
              v
-----------------
                 
                 
                 
                 
                 
                 
                 
           o     
     xx    x  xo 
 o   ox   xox ox 
 o  xxx o ooo ox 
-----------------
01234567890123456
Player 'o' to move:
             o
             v
-----------------
                 
                 
                 
                 
                 
                 
                 
           o     
     xx    x  xo 
 o   ox   xox ox 
 o  xxx o ooooox 
-----------------
01234567890123456
Player 'o' wins!
