-----------------
                 
                 
                 
                 
                 
                 
                 
                 
                 
                 
                 
-----------------
01234567890123456
Player 'o' to move:
          o
          v
-----------------
                 
                 
                 
                 
                 
                 
                 
                 
                 
                 
          o      
-----------------
01234567890123456
Player 'x' to move:
            x
            v
-----------------
                 
                 
                 
                 
                 
                 
                 
                 
                 
                 
          o x    
-----------------
01234567890123456
Player 'o' to move:
            o
            v
-----------------
                 
                 
                 
                 
                 
                 
                 
                 
                 
            o    
          o x    
-----------------
01234567890123456
Player 'x' to move:
          x
          v
-----------------
                 
                 
                 
                 
                 
                 
                 
                 
                 
          x o    
          o x    
-----------------
01234567890123456
Player 'o' to move:
                o
                v
-----------------
                 
                 
                 
                 
                 
                 
                 
                 
                 
          x o    
          o x   o
-----------------
01234567890123456
Player 'x' to move:
   x
   v
-----------------
                 
                 
                 
                 
                 
                 
                 
                 
                 
          x o    
   x      o x   o
-----------------
01234567890123456
Player 'o' to move:
          o
          v
-----------------
                 
                 
                 
                 
                 
                 
                 
                 
          o      
          x o    
   x      o x   o
-----------------
01234567890123456
Player 'x' to move:
           x
           v
-----------------
                 
                 
                 
                 
                 
                 
                 
                 
          o      
          x o    
   x      oxx   o
-----------------
01234567890123456
Player 'o' to move:
           o
           v
-----------------
                 
                 
                 
                 
                 
                 
                 
                 
          o      
          xoo    
   x      oxx   o
-----------------
01234567890123456
Player 'x' to move:
    x
    v
-----------------
                 
                 
                 
                 
                 
                 
                 
                 
          o      
          xoo    
   xx     oxx   o
-----------------
01234567890123456
Player 'o' to move:
  o
  v
-----------------
                 
                 
                 
                 
                 
                 
                 
                 
          o      
          xoo    
  oxx     oxx   o
-----------------
01234567890123456
Player 'x' to move:
              x
              v
-----------------
                 
                 
                 
                 
                 
                 
                 
                 
          o      
          xoo    
  oxx     oxx x o
-----------------
01234567890123456
Player 'o' to move:
         o
         v
-----------------
                 
                 
                 
                 
                 
                 
                 
                 
          o      
          xoo    
  oxx    ooxx x o
-----------------
01234567890123456
Player 'x' to move:
      x
      v
-----------------
                 
                 
                 
                 
                 
                 
                 
                 
          o      
          xoo    
  oxx x  ooxx x o
-----------------
01234567890123456
Player 'o' to move:
          o
          v
-----------------
                 
                 
                 
                 
                 
                 
                 
          o      
          o      
          xoo    
  oxx x  ooxx x o
-----------------
01234567890123456
Player 'x' to move:
x
v
-----------------
                 
                 
                 
                 
                 
                 
                 
          o      
          o      
          xoo    
x oxx x  ooxx x o
-----------------
01234567890123456
Player 'o' to move:
      o
      v
-----------------
                 
                 
                 
                 
                 
                 
                 
          o      
          o      
      o   xoo    
x oxx x  ooxx x o
-----------------
01234567890123456
Player 'x' to move:
   x
   v
-----------------
                 
                 
                 
                 
                 
                 
                 
          o      
          o      
   x  o   xoo    
x oxx x  ooxx x o
-----------------
01234567890123456
Player 'o' to move:
o
v
-----------------
                 
                 
                 
                 
                 
                 
                 
          o      
          o      
o  x  o   xoo    
x oxx x  ooxx x o
-----------------
01234567890123456
Player 'x' to move:
  x
  v
-----------------
                 
                 
                 
                 
                 
                 
                 
          o      
          o      
o xx  o   xoo    
x oxx x  ooxx x o
-----------------
01234567890123456
Player 'o' to move:
    o
    v
-----------------
                 
                 
                 
                 
                 
                 
                 
          o      
          o      
o xxo o   xoo    
x oxx x  ooxx x o
-----------------
01234567890123456
Player 'x' to move:
            x
            v
-----------------
                 
                 
                 
                 
                 
                 
                 
          o      
          o x    
o xxo o   xoo    
x oxx x  ooxx x o
-----------------
01234567890123456
Player 'o' to move:
              o
              v
-----------------
                 
                 
                 
                 
                 
                 
                 
          o      
          o x    
o xxo o   xoo o  
x oxx x  ooxx x o
-----------------
01234567890123456
Player 'x' to move:
             x
             v
-----------------
                 
                 
                 
                 
                 
                 
                 
          o      
          o x    
o xxo o   xoo o  
x oxx x  ooxxxx o
-----------------
01234567890123456
Player 'x' wins!
