-----------------
                 
                 
                 
                 
                 
                 
                 
                 
                 
                 
                 
-----------------
01234567890123456
Player 'o' to move:
        o
        v
-----------------
                 
                 
                 
                 
                 
                 
                 
                 
                 
                 
        o        
-----------------
01234567890123456
Player 'x' to move:
     x
     v
-----------------
                 
                 
                 
                 
                 
                 
                 
                 
                 
                 
     x  o        
-----------------
01234567890123456
Player 'o' to move:
            o
            v
-----------------
                 
                 
                 
                 
                 
                 
                 
                 
                 
                 
     x  o   o    
-----------------
01234567890123456
Player 'x' to move:
   x
   v
-----------------
                 
                 
                 
                 
                 
                 
                 
                 
                 
                 
   x x  o   o    
-----------------
01234567890123456
Player 'o' to move:
                o
                v
-----------------
                 
                 
                 
                 
                 
                 
                 
                 
                 
                 
   x x  o   o   o
-----------------
01234567890123456
Player 'x' to move:
                x
                v
-----------------
                 
                 
                 
                 
                 
                 
                 
                 
                 
                x
   x x  o   o   o
-----------------
01234567890123456
Player 'o' to move:
             o
             v
-----------------
                 
                 
                 
                 
                 
                 
                 
                 
                 
                x
   x x  o   oo  o
-----------------
01234567890123456
Player 'x' to move:
  x
  v
-----------------
                 
                 
                 
                 
                 
                 
                 
                 
                 
                x
  xx x  o   oo  o
-----------------
01234567890123456
Player 'o' to move:
      o
      v
-----------------
                 
                 
                 
                 
                 
                 
                 
                 
                 
                x
  xx xo o   oo  o
-----------------
01234567890123456
Player 'x' to move:
     x
     v
-----------------
                 
                 
                 
                 
                 
                 
                 
                 
                 
     x          x
  xx xo o   oo  o
-----------------
01234567890123456
Player 'o' to move:
             o
             v
-----------------
                 
                 
                 
                 
                 
                 
                 
                 
                 
     x       o  x
  xx xo o   oo  o
-----------------
01234567890123456
Player 'x' to move:
              x
              v
-----------------
                 
                 
                 
                 
                 
                 
                 
                 
                 
     x       o  x
  xx xo o   oox o
-----------------
01234567890123456
Player 'o' to move:
         o
         v
-----------------
                 
                 
                 
                 
                 
                 
                 
                 
                 
     x       o  x
  xx xo oo  oox o
-----------------
01234567890123456
Player 'x' to move:
      x
      v
-----------------
                 
                 
                 
                 
                 
                 
                 
                 
                 
     xx      o  x
  xx xo oo  oox o
-----------------
01234567890123456
Player 'o' to move:
            o
            v
-----------------
                 
                 
                 
                 
                 
                 
                 
                 
                 
     xx     oo  x
  xx xo oo  oox o
-----------------
01234567890123456
Player 'x' to move:
     x
     v
-----------------
                 
                 
                 
                 
                 
                 
                 
                 
     x           
     xx     oo  x
  xx xo oo  oox o
-----------------
01234567890123456
Player 'o' to move:
          o
          v
-----------------
                 
                 
                 
                 
                 
                 
                 
                 
     x           
     xx     oo  x
  xx xo ooo oox o
-----------------
01234567890123456
Player 'x' to move:
     x
     v
-----------------
                 
                 
                 
                 
                 
                 
                 
     x           
     x           
     xx     oo  x
  xx xo ooo oox o
-----------------
01234567890123456
Player 'x' wins!
