-----------------
                 
                 
                 
                 
                 
                 
                 
                 
                 
                 
                 
-----------------
01234567890123456
Player 'o' to move:
     o
     v
-----------------
                 
                 
                 
                 
                 
                 
                 
                 
                 
                 
     o           
-----------------
01234567890123456
Player 'x' to move:
             x
             v
-----------------
                 
                 
                 
                 
                 
                 
                 
                 
                 
                 
     o       x   
-----------------
01234567890123456
Player 'o' to move:
       o
       v
-----------------
                 
                 
                 
                 
                 
                 
                 
                 
                 
                 
     o o     x   
-----------------
01234567890123456
Player 'x' to move:
       x
       v
-----------------
                 
                 
                 
                 
                 
                 
                 
                 
                 
       x         
     o o     x   
-----------------
01234567890123456
Player 'o' to move:
       o
       v
-----------------
                 
                 
                 
                 
                 
                 
                 
                 
       o         
       x         
     o o     x   
-----------------
01234567890123456
Player 'x' to move:
           x
           v
-----------------
                 
                 
                 
                 
                 
                 
                 
                 
       o         
       x         
     o o   x x   
-----------------
01234567890123456
Player 'o' to move:
           o
           v
-----------------
                 
                 
                 
                 
                 
                 
                 
                 
       o         
       x   o     
     o o   x x   
-----------------
01234567890123456
Player 'x' to move:
     x
     v
-----------------
                 
                 
                 
                 
                 
                 
                 
                 
       o         
     x x   o     
     o o   x x   
-----------------
01234567890123456
Player 'o' to move:
               o
               v
-----------------
                 
                 
                 
                 
                 
                 
                 
                 
       o         
     x x   o     
     o o   x x o 
-----------------
01234567890123456
Player 'x' to move:
           x
           v
-----------------
                 
                 
                 
                 
                 
                 
                 
                 
       o   x     
     x x   o     
     o o   x x o 
-----------------
01234567890123456
Player 'o' to move:
     o
     v
-----------------
                 
                 
                 
                 
                 
                 
                 
                 
     o o   x     
     x x   o     
     o o   x x o 
-----------------
01234567890123456
Player 'x' to move:
           x
           v
-----------------
                 
                 
                 
                 
                 
                 
                 
           x     
     o o   x     
     x x   o     
     o o   x x o 
-----------------
01234567890123456
Player 'o' to move:
    o
    v
-----------------
                 
                 
                 
                 
                 
                 
                 
           x     
     o o   x     
     x x   o     
    oo o   x x o 
-----------------
01234567890123456
Player 'x' to move:
        x
        v
-----------------
                 
                 
                 
                 
                 
                 
                 
           x     
     o o   x     
     x x   o     
    oo ox  x x o 
-----------------
01234567890123456
Player 'o' to move:
              o
              v
-----------------
                 
                 
                 
                 
                 
                 
                 
           x     
     o o   x     
     x x   o     
    oo ox  x xoo 
-----------------
01234567890123456
Player 'x' to move:
  x
  v
-----------------
                 
                 
                 
                 
                 
                 
                 
           x     
     o o   x     
     x x   o     
  x oo ox  x xoo 
-----------------
01234567890123456
Player 'o' to move:
                o
                v
-----------------
                 
                 
                 
                 
                 
                 
                 
           x     
     o o   x     
     x x   o     
  x oo ox  x xooo
-----------------
01234567890123456
Player 'x' to move:
 x
 v
-----------------
                 
                 
                 
                 
                 
                 
                 
           x     
     o o   x     
     x x   o     
 xx oo ox  x xooo
-----------------
01234567890123456
Player 'o' to move:
     o
     v
-----------------
                 
                 
                 
                 
                 
                 
                 
     o     x     
     o o   x     
     x x   o     
 xx oo ox  x xooo
-----------------
01234567890123456
Player 'x' to move:
          x
          v
-----------------
                 
                 
                 
                 
                 
                 
                 
     o     x     
     o o   x     
     x x   o     
 xx oo ox xx xooo
-----------------
01234567890123456
Player 'o' to move:
               o
               v
-----------------
                 
                 
                 
                 
                 
                 
                 
     o     x     
     o o   x     
     x x   o   o 
 xx oo ox xx xooo
-----------------
01234567890123456
Player 'x' to move:
 x
 v
-----------------
                 
                 
                 
                 
                 
                 
                 
     o     x     
     o o   x     
 x   x x   o   o 
 xx oo ox xx xooo
-----------------
01234567890123456
Player 'o' to move:
      o
      v
-----------------
                 
                 
                 
                 
                 
                 
                 
     o     x     
     o o   x     
 x   x x   o   o 
 xx oooox xx xooo
-----------------
01234567890123456
Player 'o' wins!
