-----------------
                 
                 
                 
                 
                 
                 
                 
-----------------
01234567890123456
Player 'o' to move:
     o
     v
-----------------
                 
                 
                 
                 
                 
                 
     o           
-----------------
01234567890123456
Player 'x' to move:
  x
  v
-----------------
                 
                 
                 
                 
                 
                 
  x  o           
-----------------
01234567890123456
Player 'o' to move:
     o
     v
-----------------
                 
                 
                 
                 
                 
     o           
  x  o           
-----------------
01234567890123456
Player 'x' to move:
x
v
-----------------
                 
                 
                 
                 
                 
     o           
x x  o           
-----------------
01234567890123456
Player 'o' to move:
    o
    v
-----------------
                 
                 
                 
                 
                 
     o           
x x oo           
-----------------
01234567890123456
Player 'x' to move:
      x
      v
-----------------
                 
                 
                 
                 
                 
     o           
x x oox          
-----------------
01234567890123456
Player 'o' to move:
      o
      v
-----------------
                 
                 
                 
                 
                 
     oo          
x x oox          
-----------------
01234567890123456
Player 'x' to move:
  x
  v
-----------------
                 
                 
                 
                 
                 
  x  oo          
x x oox          
-----------------
01234567890123456
Player 'o' to move:
  o
  v
-----------------
                 
                 
                 
                 
  o              
  x  oo          
x x oox          
-----------------
01234567890123456
Player 'x' to move:
 x
 v
-----------------
                 
                 
                 
                 
  o              
  x  oo          
xxx oox          
-----------------
01234567890123456
Player 'o' to move:
   o
   v
-----------------
                 
                 
                 
                 
  o              
  x  oo          
xxxooox          
-----------------
01234567890123456
Player 'x' to move:
   x
   v
-----------------
                 
                 
                 
                 
  o              
  xx oo          
xxxooox          
-----------------
01234567890123456
Player 'o' to move:
 o
 v
-----------------
                 
                 
                 
                 
  o              
 oxx oo          
xxxooox          
-----------------
01234567890123456
Player 'x' to move:
      x
      v
-----------------
                 
                 
                 
                 
  o   x          
 oxx oo          
xxxooox          
-----------------
01234567890123456
Player 'o' to move:
o
v
-----------------
                 
                 
                 
                 
  o   x          
ooxx oo          
xxxooox          
-----------------
01234567890123456
Player 'x' to move:
 x
 v
-----------------
                 
                 
                 
                 
 xo   x          
ooxx oo          
xxxooox          
-----------------
01234567890123456
Player 'o' to move:
    o
    v
-----------------
                 
                 
                 
                 
 xo   x          
ooxxooo          
xxxooox          
-----------------
01234567890123456
Player 'x' to move:
     x
     v
-----------------
                 
                 
                 
                 
 xo  xx          
ooxxooo          
xxxooox          
-----------------
01234567890123456
Player 'o' to move:
  o
  v
-----------------
                 
                 
                 
  o              
 xo  xx          
ooxxooo          
xxxooox          
-----------------
01234567890123456
Player 'x' to move:
      x
      v
-----------------
                 
                 
                 
  o   x          
 xo  xx          
ooxxooo          
xxxooox          
-----------------
01234567890123456
Player 'o' to move:
