11
61
74
88
108
166
170
215
228
269
280
289
296
331
349
408
411
431
457
467
473
549
658
661
673
677
680
689
698
709
718
727
755
767
793
817
878
884
938
996
1091
1156
1236
1256
1296
1320
1332
1339
1348
1350
1365
1381
1414
1454
1464
1576
1584
1608
1619
1622
1624
1679
1741
1803
1803
1839
1851
1855
1862
1866
1879
1883
1884
1894
1910
1966
2007
2032
2065
2091
2102
2115
2165
2167
2227
2245
2249
2265
2291
2306
2380
2382
2390
2402
2412
2422
2460
2478
2492
2493
